(types.Domain) {
  Domain: (*string)((len=13) "microsoft.com"),
  DomainID: (*strfmt.UUID4)((len=36) 24f853f6-8c4a-4136-98b1-4cd059d5d09f),
  ParentDomain: (string) "",
  Stamps: ([]*types.Stamp) (len=1) {
    (*types.Stamp)({
      StampID: (*strfmt.UUID4)((len=36) 1c8ceb14-b369-4cc8-9a85-8c0445588ee2),
      StampName: (*string)((len=9) "Analytics"),
      Votes: ([]*types.Vote) (len=1) {
        (*types.Vote)({
          Approved: (*bool)(false),
          DomainStampID: (*strfmt.UUID4)((len=36) 0f9d7de9-f615-43bd-88ca-fd89f9814270),
          Rating: (*int64)(<nil>)
        })
      }
    })
  }
}
